1075:C 15 Sep 2026 14:26:49.002 * oO0OoO0OoO0Oo Redis is starting oO0OoO0OoO0Oo
1075:C 15 Sep 2026 14:26:49.011 * Redis version=8.10.1, bits=64, commit=00000000, modified=0, pid=1075, just started
1075:C 15 Sep 2026 14:26:49.012 * Configuration loaded
1075:M 15 Sep 2026 14:26:49.018 # You requested maxclients of 10000 requiring at least 10032 max file descriptors.
1075:M 15 Sep 2026 14:26:49.019 # Server can't set maximum open files to 10032 because of OS error: Operation not permitted.
1075:M 15 Sep 2026 14:26:49.026 # Current maximum open files is 3200. maxclients has been reduced to 3168 to compensate for low ulimit. If you need higher maxclients increase 'ulimit -n'.
1075:M 15 Sep 2026 14:26:49.027 * monotonic clock: POSIX clock_gettime
1075:M 15 Sep 2026 14:26:49.030 * Running mode=standalone, port=6379.
1075:M 15 Sep 2026 14:26:49.045 * Server initialized
1075:M 15 Sep 2026 14:26:49.051 * BGSAVE done, 0 keys saved, 0 keys skipped, 89 bytes written.
1075:M 15 Sep 2026 14:26:49.082 * Creating AOF base file appendonly.aof.1.base.rdb on server start
1075:M 15 Sep 2026 14:26:49.097 * Creating AOF incr file appendonly.aof.1.incr.aof on server start
1075:M 15 Sep 2026 14:26:49.098 * Ready to accept connections tcp
1075:M 15 Sep 2026 14:26:49.099 # WARNING: Redis does not require authentication. Redis will accept connections from any local client.
1075:M 15 Sep 2026 14:50:12.493 * 100 changes in 300 seconds. Saving...
1075:M 15 Sep 2026 14:50:12.577 * Background saving started by pid 1078
1078:C 15 Sep 2026 14:50:12.595 * BGSAVE done, 7 keys saved, 0 keys skipped, 700 bytes written.
1078:C 15 Sep 2026 14:50:12.628 * DB saved on disk
1078:C 15 Sep 2026 14:50:12.629 * Fork CoW for RDB: current 0 MB, peak 0 MB, average 0 MB
1075:M 15 Sep 2026 14:50:12.693 * Background saving terminated with success
1075:M 15 Sep 2026 15:07:18.124 * 100 changes in 300 seconds. Saving...
1075:M 15 Sep 2026 15:07:18.271 * Background saving started by pid 1079
1079:C 15 Sep 2026 15:07:18.296 * BGSAVE done, 11 keys saved, 0 keys skipped, 1211 bytes written.
1079:C 15 Sep 2026 15:07:18.417 * DB saved on disk
1079:C 15 Sep 2026 15:07:18.418 * Fork CoW for RDB: current 0 MB, peak 0 MB, average 0 MB
1075:M 15 Sep 2026 15:07:18.521 * Background saving terminated with success
1075:M 15 Sep 2026 15:30:48.854 * 100 changes in 300 seconds. Saving...
1075:M 15 Sep 2026 15:30:49.240 * Background saving started by pid 1080
1080:C 15 Sep 2026 15:30:49.273 * BGSAVE done, 3 keys saved, 0 keys skipped, 315 bytes written.
1080:C 15 Sep 2026 15:30:49.386 * DB saved on disk
1080:C 15 Sep 2026 15:30:49.387 * Fork CoW for RDB: current 0 MB, peak 0 MB, average 0 MB
1075:M 15 Sep 2026 15:30:49.501 * Background saving terminated with success
1075:M 15 Sep 2026 16:04:53.433 * 100 changes in 300 seconds. Saving...
1075:M 15 Sep 2026 16:04:53.503 * Background saving started by pid 1081
1081:C 15 Sep 2026 16:04:53.518 * BGSAVE done, 3 keys saved, 0 keys skipped, 315 bytes written.
1081:C 15 Sep 2026 16:04:53.555 * DB saved on disk
1081:C 15 Sep 2026 16:04:53.556 * Fork CoW for RDB: current 0 MB, peak 0 MB, average 0 MB
1075:M 15 Sep 2026 16:04:53.604 * Background saving terminated with success
1075:M 15 Sep 2026 16:51:47.010 * 100 changes in 300 seconds. Saving...
1075:M 15 Sep 2026 16:51:47.168 * Background saving started by pid 1082
1082:C 15 Sep 2026 16:51:47.186 * BGSAVE done, 4 keys saved, 0 keys skipped, 356 bytes written.
1082:C 15 Sep 2026 16:51:47.218 * DB saved on disk
1082:C 15 Sep 2026 16:51:47.218 * Fork CoW for RDB: current 0 MB, peak 0 MB, average 0 MB
1075:M 15 Sep 2026 16:51:47.294 * Background saving terminated with success
1075:M 15 Sep 2026 17:39:57.195 * 100 changes in 300 seconds. Saving...
1075:M 15 Sep 2026 17:39:57.242 * Background saving started by pid 1083
1083:C 15 Sep 2026 17:39:57.256 * BGSAVE done, 3 keys saved, 0 keys skipped, 315 bytes written.
1083:C 15 Sep 2026 17:39:57.287 * DB saved on disk
1083:C 15 Sep 2026 17:39:57.289 * Fork CoW for RDB: current 0 MB, peak 0 MB, average 0 MB
1075:M 15 Sep 2026 17:39:57.354 * Background saving terminated with success
1075:M 15 Sep 2026 18:27:59.434 * 100 changes in 300 seconds. Saving...
1075:M 15 Sep 2026 18:27:59.482 * Background saving started by pid 1084
1084:C 15 Sep 2026 18:27:59.498 * BGSAVE done, 3 keys saved, 0 keys skipped, 315 bytes written.
1084:C 15 Sep 2026 18:27:59.567 * DB saved on disk
1084:C 15 Sep 2026 18:27:59.568 * Fork CoW for RDB: current 0 MB, peak 0 MB, average 0 MB
1075:M 15 Sep 2026 18:27:59.618 * Background saving terminated with success
1075:M 15 Sep 2026 19:18:00.663 * 100 changes in 300 seconds. Saving...
1075:M 15 Sep 2026 19:18:00.733 * Background saving started by pid 1085
1085:C 15 Sep 2026 19:18:00.750 * BGSAVE done, 3 keys saved, 0 keys skipped, 315 bytes written.
1085:C 15 Sep 2026 19:18:00.782 * DB saved on disk
1085:C 15 Sep 2026 19:18:00.783 * Fork CoW for RDB: current 0 MB, peak 0 MB, average 0 MB
1075:M 15 Sep 2026 19:18:00.850 * Background saving terminated with success
1075:M 15 Sep 2026 19:45:52.278 * 100 changes in 300 seconds. Saving...
1075:M 15 Sep 2026 19:45:52.690 * Background saving started by pid 1086
1086:C 15 Sep 2026 19:45:52.890 * BGSAVE done, 6 keys saved, 0 keys skipped, 527 bytes written.
1086:C 15 Sep 2026 19:45:53.049 * DB saved on disk
1086:C 15 Sep 2026 19:45:53.050 * Fork CoW for RDB: current 0 MB, peak 0 MB, average 0 MB
1075:M 15 Sep 2026 19:45:53.148 * Background saving terminated with success
1075:M 15 Sep 2026 20:35:38.584 * 100 changes in 300 seconds. Saving...
1075:M 15 Sep 2026 20:35:39.113 * Background saving started by pid 1087
1087:C 15 Sep 2026 20:35:39.146 * BGSAVE done, 3 keys saved, 0 keys skipped, 315 bytes written.
1087:C 15 Sep 2026 20:35:39.246 * DB saved on disk
1087:C 15 Sep 2026 20:35:39.247 * Fork CoW for RDB: current 0 MB, peak 0 MB, average 0 MB
1075:M 15 Sep 2026 20:35:39.360 * Background saving terminated with success
1075:M 15 Sep 2026 21:20:42.133 * 100 changes in 300 seconds. Saving...
1075:M 15 Sep 2026 21:20:42.267 * Background saving started by pid 1088
1088:C 15 Sep 2026 21:20:42.289 * BGSAVE done, 3 keys saved, 0 keys skipped, 315 bytes written.
1088:C 15 Sep 2026 21:20:42.331 * DB saved on disk
1088:C 15 Sep 2026 21:20:42.332 * Fork CoW for RDB: current 0 MB, peak 0 MB, average 0 MB
1075:M 15 Sep 2026 21:20:42.373 * Background saving terminated with success
1075:M 15 Sep 2026 22:08:44.001 * 100 changes in 300 seconds. Saving...
1075:M 15 Sep 2026 22:08:44.081 * Background saving started by pid 1089
1089:C 15 Sep 2026 22:08:44.098 * BGSAVE done, 3 keys saved, 0 keys skipped, 315 bytes written.
1089:C 15 Sep 2026 22:08:44.150 * DB saved on disk
1089:C 15 Sep 2026 22:08:44.152 * Fork CoW for RDB: current 0 MB, peak 0 MB, average 0 MB
1075:M 15 Sep 2026 22:08:44.189 * Background saving terminated with success
1075:M 15 Sep 2026 22:58:45.344 * 100 changes in 300 seconds. Saving...
1075:M 15 Sep 2026 22:58:45.457 * Background saving started by pid 1090
1090:C 15 Sep 2026 22:58:45.483 * BGSAVE done, 3 keys saved, 0 keys skipped, 315 bytes written.
1090:C 15 Sep 2026 22:58:45.528 * DB saved on disk
1090:C 15 Sep 2026 22:58:45.529 * Fork CoW for RDB: current 0 MB, peak 0 MB, average 0 MB
1075:M 15 Sep 2026 22:58:45.560 * Background saving terminated with success
1075:M 15 Sep 2026 23:48:46.774 * 100 changes in 300 seconds. Saving...
1075:M 15 Sep 2026 23:48:46.834 * Background saving started by pid 1091
1091:C 15 Sep 2026 23:48:46.848 * BGSAVE done, 3 keys saved, 0 keys skipped, 315 bytes written.
1091:C 15 Sep 2026 23:48:46.896 * DB saved on disk
1091:C 15 Sep 2026 23:48:46.897 * Fork CoW for RDB: current 0 MB, peak 0 MB, average 0 MB
1075:M 15 Sep 2026 23:48:46.949 * Background saving terminated with success
1075:M 16 Sep 2026 00:38:47.747 * 100 changes in 300 seconds. Saving...
1075:M 16 Sep 2026 00:38:47.812 * Background saving started by pid 1092
1092:C 16 Sep 2026 00:38:47.828 * BGSAVE done, 3 keys saved, 0 keys skipped, 315 bytes written.
1092:C 16 Sep 2026 00:38:48.082 * DB saved on disk
1092:C 16 Sep 2026 00:38:48.082 * Fork CoW for RDB: current 0 MB, peak 0 MB, average 0 MB
1075:M 16 Sep 2026 00:38:48.132 * Background saving terminated with success
1075:M 16 Sep 2026 01:28:48.831 * 100 changes in 300 seconds. Saving...
1075:M 16 Sep 2026 01:28:49.782 * Background saving started by pid 1093
1093:C 16 Sep 2026 01:28:49.801 * BGSAVE done, 3 keys saved, 0 keys skipped, 315 bytes written.
1093:C 16 Sep 2026 01:28:49.834 * DB saved on disk
1093:C 16 Sep 2026 01:28:49.834 * Fork CoW for RDB: current 0 MB, peak 0 MB, average 0 MB
1075:M 16 Sep 2026 01:28:49.903 * Background saving terminated with success
1075:M 16 Sep 2026 02:18:52.190 * 100 changes in 300 seconds. Saving...
1075:M 16 Sep 2026 02:18:52.269 * Background saving started by pid 1094
1094:C 16 Sep 2026 02:18:52.305 * BGSAVE done, 3 keys saved, 0 keys skipped, 315 bytes written.
1094:C 16 Sep 2026 02:18:52.365 * DB saved on disk
1094:C 16 Sep 2026 02:18:52.366 * Fork CoW for RDB: current 0 MB, peak 0 MB, average 0 MB
1075:M 16 Sep 2026 02:18:52.384 * Background saving terminated with success
1075:M 16 Sep 2026 03:08:53.222 * 100 changes in 300 seconds. Saving...
1075:M 16 Sep 2026 03:08:53.280 * Background saving started by pid 1095
1095:C 16 Sep 2026 03:08:53.296 * BGSAVE done, 3 keys saved, 0 keys skipped, 315 bytes written.
1095:C 16 Sep 2026 03:08:53.333 * DB saved on disk
1095:C 16 Sep 2026 03:08:53.334 * Fork CoW for RDB: current 0 MB, peak 0 MB, average 0 MB
1075:M 16 Sep 2026 03:08:53.394 * Background saving terminated with success
1075:M 16 Sep 2026 03:58:54.021 * 100 changes in 300 seconds. Saving...
1075:M 16 Sep 2026 03:58:54.079 * Background saving started by pid 1096
1096:C 16 Sep 2026 03:58:54.094 * BGSAVE done, 3 keys saved, 0 keys skipped, 315 bytes written.
1096:C 16 Sep 2026 03:58:54.148 * DB saved on disk
1096:C 16 Sep 2026 03:58:54.149 * Fork CoW for RDB: current 0 MB, peak 0 MB, average 0 MB
1075:M 16 Sep 2026 03:58:54.196 * Background saving terminated with success
